=======================================================
  Teknopar Scheduling Server
  http://localhost:5000
=======================================================
 * Serving Flask app 'server'
 * Debug mode: off
Saved: C:\Users\mehme\Project\IE-477\src\UI\outputs\baseline\base_data_gantts\scenarioxx_baseline_machine_d2026-01-30.png
Saved: C:\Users\mehme\Project\IE-477\src\UI\outputs\baseline\base_data_gantts\scenarioxx_baseline_station_d2026-01-30.png
Saved: C:\Users\mehme\Project\IE-477\src\UI\outputs\baseline\base_data_gantts\scenarioxx_baseline_machine_d2026-01-31.png
Saved: C:\Users\mehme\Project\IE-477\src\UI\outputs\baseline\base_data_gantts\scenarioxx_baseline_station_d2026-01-31.png
Saved: C:\Users\mehme\Project\IE-477\src\UI\outputs\baseline\base_data_gantts\scenarioxx_baseline_machine_d2026-02-01.png
Saved: C:\Users\mehme\Project\IE-477\src\UI\outputs\baseline\base_data_gantts\scenarioxx_baseline_station_d2026-02-01.png
Saved: C:\Users\mehme\Project\IE-477\src\UI\outputs\baseline\base_data_gantts\scenarioxx_baseline_machine_d2026-02-02.png
Saved: C:\Users\mehme\Project\IE-477\src\UI\outputs\baseline\base_data_gantts\scenarioxx_baseline_station_d2026-02-02.png
Saved: C:\Users\mehme\Project\IE-477\src\UI\outputs\baseline\base_data_gantts\scenarioxx_baseline_machine_d2026-02-03.png
Saved: C:\Users\mehme\Project\IE-477\src\UI\outputs\baseline\base_data_gantts\scenarioxx_baseline_station_d2026-02-03.png
Saved: C:\Users\mehme\Project\IE-477\src\UI\outputs\baseline\base_data_gantts\scenarioxx_baseline_machine_d2026-02-04.png
Saved: C:\Users\mehme\Project\IE-477\src\UI\outputs\baseline\base_data_gantts\scenarioxx_baseline_station_d2026-02-04.png
Saved: C:\Users\mehme\Project\IE-477\src\UI\outputs\baseline\base_data_gantts\scenarioxx_baseline_machine_d2026-02-05.png
Saved: C:\Users\mehme\Project\IE-477\src\UI\outputs\baseline\base_data_gantts\scenarioxx_baseline_station_d2026-02-05.png
Saved: C:\Users\mehme\Project\IE-477\src\UI\outputs\baseline\base_data_gantts\scenarioxx_baseline_machine_d2026-02-06.png
Saved: C:\Users\mehme\Project\IE-477\src\UI\outputs\baseline\base_data_gantts\scenarioxx_baseline_station_d2026-02-06.png
Saved: C:\Users\mehme\Project\IE-477\src\UI\outputs\baseline\base_data_gantts\scenarioxx_baseline_machine_d2026-02-07.png
Saved: C:\Users\mehme\Project\IE-477\src\UI\outputs\baseline\base_data_gantts\scenarioxx_baseline_station_d2026-02-07.png
Saved: C:\Users\mehme\Project\IE-477\src\UI\outputs\baseline\base_data_gantts\scenarioxx_baseline_machine_d2026-02-08.png
Saved: C:\Users\mehme\Project\IE-477\src\UI\outputs\baseline\base_data_gantts\scenarioxx_baseline_station_d2026-02-08.png
Saved: C:\Users\mehme\Project\IE-477\src\UI\outputs\baseline\base_data_gantts\scenarioxx_baseline_machine_d2026-02-09.png
Saved: C:\Users\mehme\Project\IE-477\src\UI\outputs\baseline\base_data_gantts\scenarioxx_baseline_station_d2026-02-09.png
Saved: C:\Users\mehme\Project\IE-477\src\UI\outputs\baseline\base_data_gantts\scenarioxx_baseline_machine_d2026-02-10.png
Saved: C:\Users\mehme\Project\IE-477\src\UI\outputs\baseline\base_data_gantts\scenarioxx_baseline_station_d2026-02-10.png
Saved: C:\Users\mehme\Project\IE-477\src\UI\outputs\baseline\base_data_gantts\scenarioxx_baseline_machine_d2026-02-11.png
Saved: C:\Users\mehme\Project\IE-477\src\UI\outputs\baseline\base_data_gantts\scenarioxx_baseline_station_d2026-02-11.png
Saved: C:\Users\mehme\Project\IE-477\src\UI\outputs\baseline\base_data_gantts\scenarioxx_baseline_machine_d2026-02-12.png
Saved: C:\Users\mehme\Project\IE-477\src\UI\outputs\baseline\base_data_gantts\scenarioxx_baseline_station_d2026-02-12.png
Saved: C:\Users\mehme\Project\IE-477\src\UI\outputs\baseline\base_data_gantts\scenarioxx_baseline_machine_d2026-02-13.png
Saved: C:\Users\mehme\Project\IE-477\src\UI\outputs\baseline\base_data_gantts\scenarioxx_baseline_station_d2026-02-13.png
Saved: C:\Users\mehme\Project\IE-477\src\UI\outputs\baseline\base_data_gantts\scenarioxx_baseline_machine_d2026-02-14.png
Saved: C:\Users\mehme\Project\IE-477\src\UI\outputs\baseline\base_data_gantts\scenarioxx_baseline_station_d2026-02-14.png
Saved: C:\Users\mehme\Project\IE-477\src\UI\outputs\baseline\base_data_gantts\scenarioxx_baseline_machine_d2026-02-15.png
Saved: C:\Users\mehme\Project\IE-477\src\UI\outputs\baseline\base_data_gantts\scenarioxx_baseline_station_d2026-02-15.png
Saved: C:\Users\mehme\Project\IE-477\src\UI\outputs\baseline\base_data_gantts\scenarioxx_baseline_machine_d2026-02-16.png
Saved: C:\Users\mehme\Project\IE-477\src\UI\outputs\baseline\base_data_gantts\scenarioxx_baseline_station_d2026-02-16.png
Saved: C:\Users\mehme\Project\IE-477\src\UI\outputs\baseline\base_data_gantts\scenarioxx_baseline_machine_d2026-02-17.png
Saved: C:\Users\mehme\Project\IE-477\src\UI\outputs\baseline\base_data_gantts\scenarioxx_baseline_station_d2026-02-17.png
Saved: C:\Users\mehme\Project\IE-477\src\UI\outputs\baseline\base_data_gantts\scenarioxx_baseline_machine_d2026-02-18.png
Saved: C:\Users\mehme\Project\IE-477\src\UI\outputs\baseline\base_data_gantts\scenarioxx_baseline_station_d2026-02-18.png
Saved: C:\Users\mehme\Project\IE-477\src\UI\outputs\baseline\base_data_gantts\scenarioxx_baseline_machine_d2026-02-19.png
Saved: C:\Users\mehme\Project\IE-477\src\UI\outputs\baseline\base_data_gantts\scenarioxx_baseline_station_d2026-02-19.png
Saved: C:\Users\mehme\Project\IE-477\src\UI\outputs\baseline\base_data_gantts\scenarioxx_baseline_machine_d2026-02-20.png
Saved: C:\Users\mehme\Project\IE-477\src\UI\outputs\baseline\base_data_gantts\scenarioxx_baseline_station_d2026-02-20.png
Saved: C:\Users\mehme\Project\IE-477\src\UI\outputs\baseline\base_data_gantts\scenarioxx_baseline_machine_d2026-02-21.png
Saved: C:\Users\mehme\Project\IE-477\src\UI\outputs\baseline\base_data_gantts\scenarioxx_baseline_station_d2026-02-21.png
Saved: C:\Users\mehme\Project\IE-477\src\UI\outputs\baseline\base_data_gantts\scenarioxx_baseline_machine_d2026-02-22.png
Saved: C:\Users\mehme\Project\IE-477\src\UI\outputs\baseline\base_data_gantts\scenarioxx_baseline_station_d2026-02-22.png
Saved: C:\Users\mehme\Project\IE-477\src\UI\outputs\baseline\base_data_gantts\scenarioxx_baseline_machine_d2026-02-23.png
Saved: C:\Users\mehme\Project\IE-477\src\UI\outputs\baseline\base_data_gantts\scenarioxx_baseline_station_d2026-02-23.png
Saved: C:\Users\mehme\Project\IE-477\src\UI\outputs\baseline\base_data_gantts\scenarioxx_baseline_machine_d2026-02-24.png
Saved: C:\Users\mehme\Project\IE-477\src\UI\outputs\baseline\base_data_gantts\scenarioxx_baseline_station_d2026-02-24.png
Saved: C:\Users\mehme\Project\IE-477\src\UI\outputs\baseline\base_data_gantts\scenarioxx_baseline_machine_d2026-02-25.png
Saved: C:\Users\mehme\Project\IE-477\src\UI\outputs\baseline\base_data_gantts\scenarioxx_baseline_station_d2026-02-25.png
Saved: C:\Users\mehme\Project\IE-477\src\UI\outputs\baseline\base_data_gantts\scenarioxx_baseline_machine_d2026-02-26.png
Saved: C:\Users\mehme\Project\IE-477\src\UI\outputs\baseline\base_data_gantts\scenarioxx_baseline_station_d2026-02-26.png
Saved: C:\Users\mehme\Project\IE-477\src\UI\outputs\reschedule\scenario01_compare_gantts\scenario01_baseline_machine_d2026-01-30.png
Saved: C:\Users\mehme\Project\IE-477\src\UI\outputs\reschedule\scenario01_compare_gantts\scenario01_baseline_station_d2026-01-30.png
Saved: C:\Users\mehme\Project\IE-477\src\UI\outputs\reschedule\scenario01_compare_gantts\scenario01_baseline_machine_d2026-01-31.png
Saved: C:\Users\mehme\Project\IE-477\src\UI\outputs\reschedule\scenario01_compare_gantts\scenario01_baseline_station_d2026-01-31.png
Saved: C:\Users\mehme\Project\IE-477\src\UI\outputs\reschedule\scenario01_compare_gantts\scenario01_baseline_machine_d2026-02-01.png
Saved: C:\Users\mehme\Project\IE-477\src\UI\outputs\reschedule\scenario01_compare_gantts\scenario01_baseline_station_d2026-02-01.png
Saved: C:\Users\mehme\Project\IE-477\src\UI\outputs\reschedule\scenario01_compare_gantts\scenario01_baseline_machine_d2026-02-02.png
Saved: C:\Users\mehme\Project\IE-477\src\UI\outputs\reschedule\scenario01_compare_gantts\scenario01_baseline_station_d2026-02-02.png
Saved: C:\Users\mehme\Project\IE-477\src\UI\outputs\reschedule\scenario01_compare_gantts\scenario01_baseline_machine_d2026-02-03.png
Saved: C:\Users\mehme\Project\IE-477\src\UI\outputs\reschedule\scenario01_compare_gantts\scenario01_baseline_station_d2026-02-03.png
Saved: C:\Users\mehme\Project\IE-477\src\UI\outputs\reschedule\scenario01_compare_gantts\scenario01_baseline_machine_d2026-02-04.png
Saved: C:\Users\mehme\Project\IE-477\src\UI\outputs\reschedule\scenario01_compare_gantts\scenario01_baseline_station_d2026-02-04.png
Saved: C:\Users\mehme\Project\IE-477\src\UI\outputs\reschedule\scenario01_compare_gantts\scenario01_baseline_machine_d2026-02-05.png
Saved: C:\Users\mehme\Project\IE-477\src\UI\outputs\reschedule\scenario01_compare_gantts\scenario01_baseline_station_d2026-02-05.png
Saved: C:\Users\mehme\Project\IE-477\src\UI\outputs\reschedule\scenario01_compare_gantts\scenario01_baseline_machine_d2026-02-06.png
Saved: C:\Users\mehme\Project\IE-477\src\UI\outputs\reschedule\scenario01_compare_gantts\scenario01_baseline_station_d2026-02-06.png
Saved: C:\Users\mehme\Project\IE-477\src\UI\outputs\reschedule\scenario01_compare_gantts\scenario01_baseline_machine_d2026-02-07.png
Saved: C:\Users\mehme\Project\IE-477\src\UI\outputs\reschedule\scenario01_compare_gantts\scenario01_baseline_station_d2026-02-07.png
Saved: C:\Users\mehme\Project\IE-477\src\UI\outputs\reschedule\scenario01_compare_gantts\scenario01_baseline_machine_d2026-02-08.png
Saved: C:\Users\mehme\Project\IE-477\src\UI\outputs\reschedule\scenario01_compare_gantts\scenario01_baseline_station_d2026-02-08.png
Saved: C:\Users\mehme\Project\IE-477\src\UI\outputs\reschedule\scenario01_compare_gantts\scenario01_baseline_machine_d2026-02-09.png
Saved: C:\Users\mehme\Project\IE-477\src\UI\outputs\reschedule\scenario01_compare_gantts\scenario01_baseline_station_d2026-02-09.png
Saved: C:\Users\mehme\Project\IE-477\src\UI\outputs\reschedule\scenario01_compare_gantts\scenario01_baseline_machine_d2026-02-10.png
Saved: C:\Users\mehme\Project\IE-477\src\UI\outputs\reschedule\scenario01_compare_gantts\scenario01_baseline_station_d2026-02-10.png
Saved: C:\Users\mehme\Project\IE-477\src\UI\outputs\reschedule\scenario01_compare_gantts\scenario01_baseline_machine_d2026-02-11.png
Saved: C:\Users\mehme\Project\IE-477\src\UI\outputs\reschedule\scenario01_compare_gantts\scenario01_baseline_station_d2026-02-11.png
Saved: C:\Users\mehme\Project\IE-477\src\UI\outputs\reschedule\scenario01_compare_gantts\scenario01_baseline_machine_d2026-02-12.png
Saved: C:\Users\mehme\Project\IE-477\src\UI\outputs\reschedule\scenario01_compare_gantts\scenario01_baseline_station_d2026-02-12.png
Saved: C:\Users\mehme\Project\IE-477\src\UI\outputs\reschedule\scenario01_compare_gantts\scenario01_baseline_machine_d2026-02-13.png
Saved: C:\Users\mehme\Project\IE-477\src\UI\outputs\reschedule\scenario01_compare_gantts\scenario01_baseline_station_d2026-02-13.png
Saved: C:\Users\mehme\Project\IE-477\src\UI\outputs\reschedule\scenario01_compare_gantts\scenario01_baseline_machine_d2026-02-14.png
Saved: C:\Users\mehme\Project\IE-477\src\UI\outputs\reschedule\scenario01_compare_gantts\scenario01_baseline_station_d2026-02-14.png
Saved: C:\Users\mehme\Project\IE-477\src\UI\outputs\reschedule\scenario01_compare_gantts\scenario01_baseline_machine_d2026-02-15.png
Saved: C:\Users\mehme\Project\IE-477\src\UI\outputs\reschedule\scenario01_compare_gantts\scenario01_baseline_station_d2026-02-15.png
Saved: C:\Users\mehme\Project\IE-477\src\UI\outputs\reschedule\scenario01_compare_gantts\scenario01_baseline_machine_d2026-02-16.png
Saved: C:\Users\mehme\Project\IE-477\src\UI\outputs\reschedule\scenario01_compare_gantts\scenario01_baseline_station_d2026-02-16.png
Saved: C:\Users\mehme\Project\IE-477\src\UI\outputs\reschedule\scenario01_compare_gantts\scenario01_baseline_machine_d2026-02-17.png
Saved: C:\Users\mehme\Project\IE-477\src\UI\outputs\reschedule\scenario01_compare_gantts\scenario01_baseline_station_d2026-02-17.png
Saved: C:\Users\mehme\Project\IE-477\src\UI\outputs\reschedule\scenario01_compare_gantts\scenario01_baseline_machine_d2026-02-18.png
Saved: C:\Users\mehme\Project\IE-477\src\UI\outputs\reschedule\scenario01_compare_gantts\scenario01_baseline_station_d2026-02-18.png
Saved: C:\Users\mehme\Project\IE-477\src\UI\outputs\reschedule\scenario01_compare_gantts\scenario01_baseline_machine_d2026-02-19.png
Saved: C:\Users\mehme\Project\IE-477\src\UI\outputs\reschedule\scenario01_compare_gantts\scenario01_baseline_station_d2026-02-19.png
Saved: C:\Users\mehme\Project\IE-477\src\UI\outputs\reschedule\scenario01_compare_gantts\scenario01_baseline_machine_d2026-02-20.png
Saved: C:\Users\mehme\Project\IE-477\src\UI\outputs\reschedule\scenario01_compare_gantts\scenario01_baseline_station_d2026-02-20.png
Saved: C:\Users\mehme\Project\IE-477\src\UI\outputs\reschedule\scenario01_compare_gantts\scenario01_baseline_machine_d2026-02-21.png
Saved: C:\Users\mehme\Project\IE-477\src\UI\outputs\reschedule\scenario01_compare_gantts\scenario01_baseline_station_d2026-02-21.png
Saved: C:\Users\mehme\Project\IE-477\src\UI\outputs\reschedule\scenario01_compare_gantts\scenario01_baseline_machine_d2026-02-22.png
Saved: C:\Users\mehme\Project\IE-477\src\UI\outputs\reschedule\scenario01_compare_gantts\scenario01_baseline_station_d2026-02-22.png
Saved: C:\Users\mehme\Project\IE-477\src\UI\outputs\reschedule\scenario01_compare_gantts\scenario01_baseline_machine_d2026-02-23.png
Saved: C:\Users\mehme\Project\IE-477\src\UI\outputs\reschedule\scenario01_compare_gantts\scenario01_baseline_station_d2026-02-23.png
Saved: C:\Users\mehme\Project\IE-477\src\UI\outputs\reschedule\scenario01_compare_gantts\scenario01_baseline_machine_d2026-02-24.png
Saved: C:\Users\mehme\Project\IE-477\src\UI\outputs\reschedule\scenario01_compare_gantts\scenario01_baseline_station_d2026-02-24.png
Saved: C:\Users\mehme\Project\IE-477\src\UI\outputs\reschedule\scenario01_compare_gantts\scenario01_baseline_machine_d2026-02-25.png
Saved: C:\Users\mehme\Project\IE-477\src\UI\outputs\reschedule\scenario01_compare_gantts\scenario01_baseline_station_d2026-02-25.png
Saved: C:\Users\mehme\Project\IE-477\src\UI\outputs\reschedule\scenario01_compare_gantts\scenario01_baseline_machine_d2026-02-26.png
Saved: C:\Users\mehme\Project\IE-477\src\UI\outputs\reschedule\scenario01_compare_gantts\scenario01_baseline_station_d2026-02-26.png
Saved: C:\Users\mehme\Project\IE-477\src\UI\outputs\reschedule\scenario01_compare_gantts\scenario01_reschedule_machine_d2026-03-10.png
Saved: C:\Users\mehme\Project\IE-477\src\UI\outputs\reschedule\scenario01_compare_gantts\scenario01_reschedule_station_d2026-03-10.png
Saved: C:\Users\mehme\Project\IE-477\src\UI\outputs\reschedule\scenario01_compare_gantts\scenario01_reschedule_machine_d2026-03-11.png
Saved: C:\Users\mehme\Project\IE-477\src\UI\outputs\reschedule\scenario01_compare_gantts\scenario01_reschedule_station_d2026-03-11.png
Saved: C:\Users\mehme\Project\IE-477\src\UI\outputs\reschedule\scenario01_compare_gantts\scenario01_reschedule_machine_d2026-03-12.png
Saved: C:\Users\mehme\Project\IE-477\src\UI\outputs\reschedule\scenario01_compare_gantts\scenario01_reschedule_station_d2026-03-12.png
Saved: C:\Users\mehme\Project\IE-477\src\UI\outputs\reschedule\scenario01_compare_gantts\scenario01_reschedule_machine_d2026-03-13.png
Saved: C:\Users\mehme\Project\IE-477\src\UI\outputs\reschedule\scenario01_compare_gantts\scenario01_reschedule_station_d2026-03-13.png
Saved: C:\Users\mehme\Project\IE-477\src\UI\outputs\reschedule\scenario01_compare_gantts\scenario01_reschedule_machine_d2026-03-14.png
Saved: C:\Users\mehme\Project\IE-477\src\UI\outputs\reschedule\scenario01_compare_gantts\scenario01_reschedule_station_d2026-03-14.png
Saved: C:\Users\mehme\Project\IE-477\src\UI\outputs\reschedule\scenario01_compare_gantts\scenario01_reschedule_machine_d2026-03-15.png
Saved: C:\Users\mehme\Project\IE-477\src\UI\outputs\reschedule\scenario01_compare_gantts\scenario01_reschedule_station_d2026-03-15.png
Saved: C:\Users\mehme\Project\IE-477\src\UI\outputs\reschedule\scenario01_compare_gantts\scenario01_reschedule_machine_d2026-03-16.png
Saved: C:\Users\mehme\Project\IE-477\src\UI\outputs\reschedule\scenario01_compare_gantts\scenario01_reschedule_station_d2026-03-16.png
Saved: C:\Users\mehme\Project\IE-477\src\UI\outputs\reschedule\scenario01_compare_gantts\scenario01_reschedule_machine_d2026-03-17.png
Saved: C:\Users\mehme\Project\IE-477\src\UI\outputs\reschedule\scenario01_compare_gantts\scenario01_reschedule_station_d2026-03-17.png
Saved: C:\Users\mehme\Project\IE-477\src\UI\outputs\reschedule\scenario01_compare_gantts\scenario01_reschedule_machine_d2026-03-18.png
Saved: C:\Users\mehme\Project\IE-477\src\UI\outputs\reschedule\scenario01_compare_gantts\scenario01_reschedule_station_d2026-03-18.png
Saved: C:\Users\mehme\Project\IE-477\src\UI\outputs\reschedule\scenario01_compare_gantts\scenario01_reschedule_machine_d2026-03-19.png
Saved: C:\Users\mehme\Project\IE-477\src\UI\outputs\reschedule\scenario01_compare_gantts\scenario01_reschedule_station_d2026-03-19.png
Saved: C:\Users\mehme\Project\IE-477\src\UI\outputs\reschedule\scenario01_compare_gantts\scenario01_reschedule_machine_d2026-03-20.png
Saved: C:\Users\mehme\Project\IE-477\src\UI\outputs\reschedule\scenario01_compare_gantts\scenario01_reschedule_station_d2026-03-20.png
Saved: C:\Users\mehme\Project\IE-477\src\UI\outputs\reschedule\scenario01_compare_gantts\scenario01_reschedule_machine_d2026-03-21.png
Saved: C:\Users\mehme\Project\IE-477\src\UI\outputs\reschedule\scenario01_compare_gantts\scenario01_reschedule_station_d2026-03-21.png
Saved: C:\Users\mehme\Project\IE-477\src\UI\outputs\reschedule\scenario01_compare_gantts\scenario01_reschedule_machine_d2026-03-22.png
Saved: C:\Users\mehme\Project\IE-477\src\UI\outputs\reschedule\scenario01_compare_gantts\scenario01_reschedule_station_d2026-03-22.png
Saved: C:\Users\mehme\Project\IE-477\src\UI\outputs\reschedule\scenario01_compare_gantts\scenario01_reschedule_machine_d2026-03-23.png
Saved: C:\Users\mehme\Project\IE-477\src\UI\outputs\reschedule\scenario01_compare_gantts\scenario01_reschedule_station_d2026-03-23.png
Saved: C:\Users\mehme\Project\IE-477\src\UI\outputs\reschedule\scenario01_compare_gantts\scenario01_reschedule_machine_d2026-03-24.png
Saved: C:\Users\mehme\Project\IE-477\src\UI\outputs\reschedule\scenario01_compare_gantts\scenario01_reschedule_station_d2026-03-24.png
Saved: C:\Users\mehme\Project\IE-477\src\UI\outputs\reschedule\scenario01_compare_gantts\scenario01_reschedule_machine_d2026-03-25.png
Saved: C:\Users\mehme\Project\IE-477\src\UI\outputs\reschedule\scenario01_compare_gantts\scenario01_reschedule_station_d2026-03-25.png
Saved: C:\Users\mehme\Project\IE-477\src\UI\outputs\reschedule\scenario01_compare_gantts\scenario01_reschedule_machine_d2026-03-26.png
Saved: C:\Users\mehme\Project\IE-477\src\UI\outputs\reschedule\scenario01_compare_gantts\scenario01_reschedule_station_d2026-03-26.png
Saved: C:\Users\mehme\Project\IE-477\src\UI\outputs\reschedule\scenario01_compare_gantts\scenario01_reschedule_machine_d2026-03-27.png
Saved: C:\Users\mehme\Project\IE-477\src\UI\outputs\reschedule\scenario01_compare_gantts\scenario01_reschedule_station_d2026-03-27.png
Saved: C:\Users\mehme\Project\IE-477\src\UI\outputs\reschedule\scenario01_compare_gantts\scenario01_reschedule_machine_d2026-03-28.png
Saved: C:\Users\mehme\Project\IE-477\src\UI\outputs\reschedule\scenario01_compare_gantts\scenario01_reschedule_station_d2026-03-28.png
Saved: C:\Users\mehme\Project\IE-477\src\UI\outputs\reschedule\scenario01_compare_gantts\scenario01_reschedule_machine_d2026-03-29.png
Saved: C:\Users\mehme\Project\IE-477\src\UI\outputs\reschedule\scenario01_compare_gantts\scenario01_reschedule_station_d2026-03-29.png
Saved: C:\Users\mehme\Project\IE-477\src\UI\outputs\reschedule\scenario01_compare_gantts\scenario01_reschedule_machine_d2026-03-30.png
Saved: C:\Users\mehme\Project\IE-477\src\UI\outputs\reschedule\scenario01_compare_gantts\scenario01_reschedule_station_d2026-03-30.png
Saved: C:\Users\mehme\Project\IE-477\src\UI\outputs\reschedule\scenario01_compare_gantts\scenario01_reschedule_machine_d2026-03-31.png
Saved: C:\Users\mehme\Project\IE-477\src\UI\outputs\reschedule\scenario01_compare_gantts\scenario01_reschedule_station_d2026-03-31.png
Saved: C:\Users\mehme\Project\IE-477\src\UI\outputs\reschedule\scenario01_compare_gantts\scenario01_reschedule_machine_d2026-04-01.png
Saved: C:\Users\mehme\Project\IE-477\src\UI\outputs\reschedule\scenario01_compare_gantts\scenario01_reschedule_station_d2026-04-01.png
Saved: C:\Users\mehme\Project\IE-477\src\UI\outputs\reschedule\scenario01_compare_gantts\scenario01_reschedule_machine_d2026-04-02.png
Saved: C:\Users\mehme\Project\IE-477\src\UI\outputs\reschedule\scenario01_compare_gantts\scenario01_reschedule_station_d2026-04-02.png
Saved: C:\Users\mehme\Project\IE-477\src\UI\outputs\reschedule\scenario01_compare_gantts\scenario01_reschedule_machine_d2026-04-03.png
Saved: C:\Users\mehme\Project\IE-477\src\UI\outputs\reschedule\scenario01_compare_gantts\scenario01_reschedule_station_d2026-04-03.png
Saved: C:\Users\mehme\Project\IE-477\src\UI\outputs\reschedule\scenario01_compare_gantts\scenario01_reschedule_machine_d2026-04-04.png
Saved: C:\Users\mehme\Project\IE-477\src\UI\outputs\reschedule\scenario01_compare_gantts\scenario01_reschedule_station_d2026-04-04.png
Saved: C:\Users\mehme\Project\IE-477\src\UI\outputs\reschedule\scenario01_compare_gantts\scenario01_reschedule_machine_d2026-04-05.png
Saved: C:\Users\mehme\Project\IE-477\src\UI\outputs\reschedule\scenario01_compare_gantts\scenario01_reschedule_station_d2026-04-05.png
Saved: C:\Users\mehme\Project\IE-477\src\UI\outputs\reschedule\scenario01_compare_gantts\scenario01_reschedule_machine_d2026-04-06.png
Saved: C:\Users\mehme\Project\IE-477\src\UI\outputs\reschedule\scenario01_compare_gantts\scenario01_reschedule_station_d2026-04-06.png
Saved: C:\Users\mehme\Project\IE-477\src\UI\outputs\reschedule\scenario01_compare_gantts\scenario01_reschedule_machine_d2026-04-07.png
Saved: C:\Users\mehme\Project\IE-477\src\UI\outputs\reschedule\scenario01_compare_gantts\scenario01_reschedule_station_d2026-04-07.png
Saved: C:\Users\mehme\Project\IE-477\src\UI\outputs\reschedule\scenario01_compare_gantts\scenario01_reschedule_machine_d2026-04-08.png
Saved: C:\Users\mehme\Project\IE-477\src\UI\outputs\reschedule\scenario01_compare_gantts\scenario01_reschedule_station_d2026-04-08.png
Saved: C:\Users\mehme\Project\IE-477\src\UI\outputs\reschedule\scenario01_compare_gantts\scenario01_reschedule_machine_d2026-04-09.png
Saved: C:\Users\mehme\Project\IE-477\src\UI\outputs\reschedule\scenario01_compare_gantts\scenario01_reschedule_station_d2026-04-09.png
Saved: C:\Users\mehme\Project\IE-477\src\UI\outputs\reschedule\scenario01_compare_gantts\scenario01_reschedule_machine_d2026-04-10.png
Saved: C:\Users\mehme\Project\IE-477\src\UI\outputs\reschedule\scenario01_compare_gantts\scenario01_reschedule_station_d2026-04-10.png
Saved: C:\Users\mehme\Project\IE-477\src\UI\outputs\reschedule\scenario01_compare_gantts\scenario01_reschedule_machine_d2026-04-11.png
Saved: C:\Users\mehme\Project\IE-477\src\UI\outputs\reschedule\scenario01_compare_gantts\scenario01_reschedule_station_d2026-04-11.png
Saved: C:\Users\mehme\Project\IE-477\src\UI\outputs\reschedule\scenario01_compare_gantts\scenario01_reschedule_machine_d2026-04-12.png
Saved: C:\Users\mehme\Project\IE-477\src\UI\outputs\reschedule\scenario01_compare_gantts\scenario01_reschedule_station_d2026-04-12.png
Saved: C:\Users\mehme\Project\IE-477\src\UI\outputs\reschedule\scenario01_compare_gantts\scenario01_reschedule_machine_d2026-04-13.png
Saved: C:\Users\mehme\Project\IE-477\src\UI\outputs\reschedule\scenario01_compare_gantts\scenario01_reschedule_station_d2026-04-13.png
Saved: C:\Users\mehme\Project\IE-477\src\UI\outputs\reschedule\scenario01_compare_gantts\scenario01_reschedule_machine_d2026-04-14.png
Saved: C:\Users\mehme\Project\IE-477\src\UI\outputs\reschedule\scenario01_compare_gantts\scenario01_reschedule_station_d2026-04-14.png
Saved: C:\Users\mehme\Project\IE-477\src\UI\outputs\reschedule\scenario01_compare_gantts\scenario01_reschedule_machine_d2026-04-15.png
Saved: C:\Users\mehme\Project\IE-477\src\UI\outputs\reschedule\scenario01_compare_gantts\scenario01_reschedule_station_d2026-04-15.png
Saved: C:\Users\mehme\Project\IE-477\src\UI\outputs\reschedule\scenario01_compare_gantts\scenario01_reschedule_machine_d2026-04-16.png
Saved: C:\Users\mehme\Project\IE-477\src\UI\outputs\reschedule\scenario01_compare_gantts\scenario01_reschedule_station_d2026-04-16.png
Saved: C:\Users\mehme\Project\IE-477\src\UI\outputs\reschedule\scenario01_compare_gantts\scenario01_reschedule_machine_d2026-04-17.png
Saved: C:\Users\mehme\Project\IE-477\src\UI\outputs\reschedule\scenario01_compare_gantts\scenario01_reschedule_station_d2026-04-17.png
